0 verbose cli /usr/local/bin/node /usr/local/bin/npm
1 info using npm@10.9.8
2 info using node@v22.22.3
3 silly config load:file:/usr/local/lib/node_modules/npm/npmrc
4 silly config load:file:/Users/watanabekouta/Desktop/ app-dev-day5/3.0/.npmrc
5 silly config load:file:/Users/watanabekouta/.npmrc
6 silly config load:file:/usr/local/etc/npmrc
7 verbose title npm install express better-sqlite3
8 verbose argv "install" "--cache" ".npm-cache" "express" "better-sqlite3"
9 verbose logfile logs-max:10 dir:/Users/watanabekouta/Desktop/ app-dev-day5/3.0/.npm-cache/_logs/2026-05-14T08_08_12_404Z-
10 verbose logfile /Users/watanabekouta/Desktop/ app-dev-day5/3.0/.npm-cache/_logs/2026-05-14T08_08_12_404Z-debug-0.log
11 silly logfile done cleaning log files
12 silly packumentCache heap:2197815296 maxSize:549453824 maxEntrySize:274726912
13 silly idealTree buildDeps
14 silly fetch manifest express@*
15 silly packumentCache full:https://registry.npmjs.org/express cache-miss
16 http fetch GET 200 https://registry.npmjs.org/express 106ms (cache miss)
17 silly packumentCache full:https://registry.npmjs.org/express set size:undefined disposed:false
18 silly fetch manifest better-sqlite3@*
19 silly packumentCache full:https://registry.npmjs.org/better-sqlite3 cache-miss
20 http fetch GET 200 https://registry.npmjs.org/npm 139ms
21 http fetch GET 200 https://registry.npmjs.org/better-sqlite3 51ms (cache miss)
22 silly packumentCache full:https://registry.npmjs.org/better-sqlite3 set size:undefined disposed:false
23 silly placeDep ROOT better-sqlite3@12.10.0 OK for: 3.0@1.0.0 want: *
24 silly placeDep ROOT express@5.2.1 OK for: 3.0@1.0.0 want: *
25 silly fetch manifest bindings@^1.5.0
26 silly packumentCache full:https://registry.npmjs.org/bindings cache-miss
27 silly fetch manifest prebuild-install@^7.1.1
28 silly packumentCache full:https://registry.npmjs.org/prebuild-install cache-miss
29 silly fetch manifest qs@^6.14.0
30 silly packumentCache full:https://registry.npmjs.org/qs cache-miss
31 silly fetch manifest depd@^2.0.0
32 silly packumentCache full:https://registry.npmjs.org/depd cache-miss
33 silly fetch manifest etag@^1.8.1
34 silly packumentCache full:https://registry.npmjs.org/etag cache-miss
35 silly fetch manifest once@^1.4.0
36 silly packumentCache full:https://registry.npmjs.org/once cache-miss
37 silly fetch manifest send@^1.1.0
38 silly packumentCache full:https://registry.npmjs.org/send cache-miss
39 http fetch GET 200 https://registry.npmjs.org/bindings 33ms (cache miss)
40 silly packumentCache full:https://registry.npmjs.org/bindings set size:undefined disposed:false
41 silly fetch manifest vary@^1.1.2
42 silly packumentCache full:https://registry.npmjs.org/vary cache-miss
43 http fetch GET 200 https://registry.npmjs.org/prebuild-install 41ms (cache miss)
44 silly packumentCache full:https://registry.npmjs.org/prebuild-install set size:undefined disposed:false
45 silly fetch manifest debug@^4.4.0
46 silly packumentCache full:https://registry.npmjs.org/debug cache-miss
47 http fetch GET 200 https://registry.npmjs.org/vary 25ms (cache miss)
48 silly packumentCache full:https://registry.npmjs.org/vary set size:undefined disposed:false
49 silly fetch manifest fresh@^2.0.0
50 silly packumentCache full:https://registry.npmjs.org/fresh cache-miss
51 http fetch GET 200 https://registry.npmjs.org/depd 59ms (cache miss)
52 silly packumentCache full:https://registry.npmjs.org/depd set size:undefined disposed:false
53 silly fetch manifest cookie@^0.7.1
54 silly packumentCache full:https://registry.npmjs.org/cookie cache-miss
55 http fetch GET 200 https://registry.npmjs.org/etag 70ms (cache miss)
56 silly packumentCache full:https://registry.npmjs.org/etag set size:undefined disposed:false
57 silly fetch manifest router@^2.2.0
58 silly packumentCache full:https://registry.npmjs.org/router cache-miss
59 http fetch GET 200 https://registry.npmjs.org/qs 83ms (cache miss)
60 silly packumentCache full:https://registry.npmjs.org/qs set size:undefined disposed:false
61 silly fetch manifest accepts@^2.0.0
62 silly packumentCache full:https://registry.npmjs.org/accepts cache-miss
63 http fetch GET 200 https://registry.npmjs.org/once 87ms (cache miss)
64 silly packumentCache full:https://registry.npmjs.org/once set size:undefined disposed:false
65 silly fetch manifest type-is@^2.0.1
66 silly packumentCache full:https://registry.npmjs.org/type-is cache-miss
67 http fetch GET 200 https://registry.npmjs.org/send 87ms (cache miss)
68 silly packumentCache full:https://registry.npmjs.org/send set size:undefined disposed:false
69 silly fetch manifest parseurl@^1.3.3
70 silly packumentCache full:https://registry.npmjs.org/parseurl cache-miss
71 http fetch GET 200 https://registry.npmjs.org/cookie 35ms (cache miss)
72 silly packumentCache full:https://registry.npmjs.org/cookie set size:undefined disposed:false
73 silly fetch manifest statuses@^2.0.1
74 silly packumentCache full:https://registry.npmjs.org/statuses cache-miss
75 http fetch GET 200 https://registry.npmjs.org/fresh 40ms (cache miss)
76 silly packumentCache full:https://registry.npmjs.org/fresh set size:undefined disposed:false
77 silly fetch manifest encodeurl@^2.0.0
78 silly packumentCache full:https://registry.npmjs.org/encodeurl cache-miss
79 http fetch GET 200 https://registry.npmjs.org/debug 59ms (cache miss)
80 silly packumentCache full:https://registry.npmjs.org/debug set size:undefined disposed:false
81 silly fetch manifest mime-types@^3.0.0
82 silly packumentCache full:https://registry.npmjs.org/mime-types cache-miss
83 http fetch GET 200 https://registry.npmjs.org/router 34ms (cache miss)
84 silly packumentCache full:https://registry.npmjs.org/router set size:undefined disposed:false
85 silly fetch manifest proxy-addr@^2.0.7
86 silly packumentCache full:https://registry.npmjs.org/proxy-addr cache-miss
87 http fetch GET 200 https://registry.npmjs.org/type-is 32ms (cache miss)
88 silly packumentCache full:https://registry.npmjs.org/type-is set size:undefined disposed:false
89 silly fetch manifest body-parser@^2.2.1
90 silly packumentCache full:https://registry.npmjs.org/body-parser cache-miss
91 http fetch GET 200 https://registry.npmjs.org/encodeurl 26ms (cache miss)
92 silly packumentCache full:https://registry.npmjs.org/encodeurl set size:undefined disposed:false
93 silly fetch manifest escape-html@^1.0.3
94 silly packumentCache full:https://registry.npmjs.org/escape-html cache-miss
95 http fetch GET 200 https://registry.npmjs.org/accepts 43ms (cache miss)
96 silly packumentCache full:https://registry.npmjs.org/accepts set size:undefined disposed:false
97 silly fetch manifest http-errors@^2.0.0
98 silly packumentCache full:https://registry.npmjs.org/http-errors cache-miss
99 http fetch GET 200 https://registry.npmjs.org/statuses 37ms (cache miss)
100 silly packumentCache full:https://registry.npmjs.org/statuses set size:undefined disposed:false
101 silly fetch manifest on-finished@^2.4.1
102 silly packumentCache full:https://registry.npmjs.org/on-finished cache-miss
103 http fetch GET 200 https://registry.npmjs.org/parseurl 45ms (cache miss)
104 silly packumentCache full:https://registry.npmjs.org/parseurl set size:undefined disposed:false
105 silly fetch manifest content-type@^1.0.5
106 silly packumentCache full:https://registry.npmjs.org/content-type cache-miss
107 http fetch GET 200 https://registry.npmjs.org/proxy-addr 30ms (cache miss)
108 silly packumentCache full:https://registry.npmjs.org/proxy-addr set size:undefined disposed:false
109 silly fetch manifest finalhandler@^2.1.0
110 silly packumentCache full:https://registry.npmjs.org/finalhandler cache-miss
111 http fetch GET 200 https://registry.npmjs.org/mime-types 51ms (cache miss)
112 silly packumentCache full:https://registry.npmjs.org/mime-types set size:undefined disposed:false
113 silly fetch manifest range-parser@^1.2.1
114 silly packumentCache full:https://registry.npmjs.org/range-parser cache-miss
115 http fetch GET 200 https://registry.npmjs.org/body-parser 38ms (cache miss)
116 silly packumentCache full:https://registry.npmjs.org/body-parser set size:undefined disposed:false
117 silly fetch manifest serve-static@^2.2.0
118 silly packumentCache full:https://registry.npmjs.org/serve-static cache-miss
119 http fetch GET 200 https://registry.npmjs.org/escape-html 37ms (cache miss)
120 silly packumentCache full:https://registry.npmjs.org/escape-html set size:undefined disposed:false
121 silly fetch manifest cookie-signature@^1.2.1
122 silly packumentCache full:https://registry.npmjs.org/cookie-signature cache-miss
123 http fetch GET 200 https://registry.npmjs.org/on-finished 31ms (cache miss)
124 silly packumentCache full:https://registry.npmjs.org/on-finished set size:undefined disposed:false
125 silly fetch manifest merge-descriptors@^2.0.0
126 silly packumentCache full:https://registry.npmjs.org/merge-descriptors cache-miss
127 http fetch GET 200 https://registry.npmjs.org/http-errors 36ms (cache miss)
128 silly packumentCache full:https://registry.npmjs.org/http-errors set size:undefined disposed:false
129 silly fetch manifest content-disposition@^1.0.0
130 silly packumentCache full:https://registry.npmjs.org/content-disposition cache-miss
131 http fetch GET 200 https://registry.npmjs.org/finalhandler 32ms (cache miss)
132 silly packumentCache full:https://registry.npmjs.org/finalhandler set size:undefined disposed:false
133 http fetch GET 200 https://registry.npmjs.org/content-type 35ms (cache miss)
134 silly packumentCache full:https://registry.npmjs.org/content-type set size:undefined disposed:false
135 http fetch GET 200 https://registry.npmjs.org/serve-static 32ms (cache miss)
136 silly packumentCache full:https://registry.npmjs.org/serve-static set size:undefined disposed:false
137 http fetch GET 200 https://registry.npmjs.org/merge-descriptors 30ms (cache miss)
138 silly packumentCache full:https://registry.npmjs.org/merge-descriptors set size:undefined disposed:false
139 http fetch GET 200 https://registry.npmjs.org/range-parser 40ms (cache miss)
140 silly packumentCache full:https://registry.npmjs.org/range-parser set size:undefined disposed:false
141 http fetch GET 200 https://registry.npmjs.org/cookie-signature 32ms (cache miss)
142 silly packumentCache full:https://registry.npmjs.org/cookie-signature set size:undefined disposed:false
143 http fetch GET 200 https://registry.npmjs.org/content-disposition 29ms (cache miss)
144 silly packumentCache full:https://registry.npmjs.org/content-disposition set size:undefined disposed:false
145 silly placeDep ROOT bindings@1.5.0 OK for: better-sqlite3@12.10.0 want: ^1.5.0
146 silly placeDep ROOT prebuild-install@7.1.3 OK for: better-sqlite3@12.10.0 want: ^7.1.1
147 silly fetch manifest file-uri-to-path@1.0.0
148 silly packumentCache full:https://registry.npmjs.org/file-uri-to-path cache-miss
149 silly fetch manifest rc@^1.2.7
150 silly packumentCache full:https://registry.npmjs.org/rc cache-miss
151 silly fetch manifest pump@^3.0.0
152 silly packumentCache full:https://registry.npmjs.org/pump cache-miss
153 silly fetch manifest tar-fs@^2.0.0
154 silly packumentCache full:https://registry.npmjs.org/tar-fs cache-miss
155 silly fetch manifest minimist@^1.2.3
156 silly packumentCache full:https://registry.npmjs.org/minimist cache-miss
157 silly fetch manifest node-abi@^3.3.0
158 silly packumentCache full:https://registry.npmjs.org/node-abi cache-miss
159 silly fetch manifest simple-get@^4.0.0
160 silly packumentCache full:https://registry.npmjs.org/simple-get cache-miss
161 http fetch GET 200 https://registry.npmjs.org/file-uri-to-path 31ms (cache miss)
162 silly packumentCache full:https://registry.npmjs.org/file-uri-to-path set size:undefined disposed:false
163 silly fetch manifest detect-libc@^2.0.0
164 silly packumentCache full:https://registry.npmjs.org/detect-libc cache-miss
165 http fetch GET 200 https://registry.npmjs.org/simple-get 32ms (cache miss)
166 silly packumentCache full:https://registry.npmjs.org/simple-get set size:undefined disposed:false
167 silly fetch manifest tunnel-agent@^0.6.0
168 silly packumentCache full:https://registry.npmjs.org/tunnel-agent cache-miss
169 http fetch GET 200 https://registry.npmjs.org/pump 33ms (cache miss)
170 silly packumentCache full:https://registry.npmjs.org/pump set size:undefined disposed:false
171 silly fetch manifest mkdirp-classic@^0.5.3
172 silly packumentCache full:https://registry.npmjs.org/mkdirp-classic cache-miss
173 http fetch GET 200 https://registry.npmjs.org/tar-fs 39ms (cache miss)
174 silly packumentCache full:https://registry.npmjs.org/tar-fs set size:undefined disposed:false
175 silly fetch manifest expand-template@^2.0.3
176 silly packumentCache full:https://registry.npmjs.org/expand-template cache-miss
177 http fetch GET 200 https://registry.npmjs.org/minimist 41ms (cache miss)
178 silly packumentCache full:https://registry.npmjs.org/minimist set size:undefined disposed:false
179 silly fetch manifest napi-build-utils@^2.0.0
180 silly packumentCache full:https://registry.npmjs.org/napi-build-utils cache-miss
181 http fetch GET 200 https://registry.npmjs.org/rc 45ms (cache miss)
182 silly packumentCache full:https://registry.npmjs.org/rc set size:undefined disposed:false
183 silly fetch manifest github-from-package@0.0.0
184 silly packumentCache full:https://registry.npmjs.org/github-from-package cache-miss
185 http fetch GET 200 https://registry.npmjs.org/node-abi 54ms (cache miss)
186 silly packumentCache full:https://registry.npmjs.org/node-abi set size:undefined disposed:false
187 http fetch GET 200 https://registry.npmjs.org/mkdirp-classic 32ms (cache miss)
188 silly packumentCache full:https://registry.npmjs.org/mkdirp-classic set size:undefined disposed:false
189 http fetch GET 200 https://registry.npmjs.org/tunnel-agent 34ms (cache miss)
190 silly packumentCache full:https://registry.npmjs.org/tunnel-agent set size:undefined disposed:false
191 http fetch GET 200 https://registry.npmjs.org/expand-template 27ms (cache miss)
192 silly packumentCache full:https://registry.npmjs.org/expand-template set size:undefined disposed:false
193 http fetch GET 200 https://registry.npmjs.org/detect-libc 36ms (cache miss)
194 silly packumentCache full:https://registry.npmjs.org/detect-libc set size:undefined disposed:false
195 http fetch GET 200 https://registry.npmjs.org/napi-build-utils 36ms (cache miss)
196 silly packumentCache full:https://registry.npmjs.org/napi-build-utils set size:undefined disposed:false
197 http fetch GET 200 https://registry.npmjs.org/github-from-package 34ms (cache miss)
198 silly packumentCache full:https://registry.npmjs.org/github-from-package set size:undefined disposed:false
199 silly placeDep ROOT file-uri-to-path@1.0.0 OK for: bindings@1.5.0 want: 1.0.0
200 silly placeDep ROOT accepts@2.0.0 OK for: express@5.2.1 want: ^2.0.0
201 silly placeDep ROOT body-parser@2.2.2 OK for: express@5.2.1 want: ^2.2.1
202 silly placeDep ROOT content-disposition@1.1.0 OK for: express@5.2.1 want: ^1.0.0
203 silly placeDep ROOT content-type@1.0.5 OK for: express@5.2.1 want: ^1.0.5
204 silly placeDep ROOT cookie@0.7.2 OK for: express@5.2.1 want: ^0.7.1
205 silly placeDep ROOT cookie-signature@1.2.2 OK for: express@5.2.1 want: ^1.2.1
206 silly placeDep ROOT debug@4.4.3 OK for: express@5.2.1 want: ^4.4.0
207 silly placeDep ROOT depd@2.0.0 OK for: express@5.2.1 want: ^2.0.0
208 silly placeDep ROOT encodeurl@2.0.0 OK for: express@5.2.1 want: ^2.0.0
209 silly placeDep ROOT escape-html@1.0.3 OK for: express@5.2.1 want: ^1.0.3
210 silly placeDep ROOT etag@1.8.1 OK for: express@5.2.1 want: ^1.8.1
211 silly placeDep ROOT finalhandler@2.1.1 OK for: express@5.2.1 want: ^2.1.0
212 silly placeDep ROOT fresh@2.0.0 OK for: express@5.2.1 want: ^2.0.0
213 silly placeDep ROOT http-errors@2.0.1 OK for: express@5.2.1 want: ^2.0.0
214 silly placeDep ROOT merge-descriptors@2.0.0 OK for: express@5.2.1 want: ^2.0.0
215 silly placeDep ROOT mime-types@3.0.2 OK for: express@5.2.1 want: ^3.0.0
216 silly placeDep ROOT on-finished@2.4.1 OK for: express@5.2.1 want: ^2.4.1
217 silly placeDep ROOT once@1.4.0 OK for: express@5.2.1 want: ^1.4.0
218 silly placeDep ROOT parseurl@1.3.3 OK for: express@5.2.1 want: ^1.3.3
219 silly placeDep ROOT proxy-addr@2.0.7 OK for: express@5.2.1 want: ^2.0.7
220 silly placeDep ROOT qs@6.15.1 OK for: express@5.2.1 want: ^6.14.0
221 silly placeDep ROOT range-parser@1.2.1 OK for: express@5.2.1 want: ^1.2.1
222 silly placeDep ROOT router@2.2.0 OK for: express@5.2.1 want: ^2.2.0
223 silly placeDep ROOT send@1.2.1 OK for: express@5.2.1 want: ^1.1.0
224 silly placeDep ROOT serve-static@2.2.1 OK for: express@5.2.1 want: ^2.2.0
225 silly placeDep ROOT statuses@2.0.2 OK for: express@5.2.1 want: ^2.0.1
226 silly placeDep ROOT type-is@2.1.0 OK for: express@5.2.1 want: ^2.0.1
227 silly placeDep ROOT vary@1.1.2 OK for: express@5.2.1 want: ^1.1.2
228 silly fetch manifest negotiator@^1.0.0
229 silly packumentCache full:https://registry.npmjs.org/negotiator cache-miss
230 silly fetch manifest qs@^6.14.1
231 silly packumentCache full:https://registry.npmjs.org/qs cache-miss
232 silly fetch manifest bytes@^3.1.2
233 silly packumentCache full:https://registry.npmjs.org/bytes cache-miss
234 silly fetch manifest debug@^4.4.3
235 silly packumentCache full:https://registry.npmjs.org/debug cache-miss
236 silly fetch manifest raw-body@^3.0.1
237 silly packumentCache full:https://registry.npmjs.org/raw-body cache-miss
238 silly fetch manifest iconv-lite@^0.7.0
239 silly packumentCache full:https://registry.npmjs.org/iconv-lite cache-miss
240 silly fetch manifest ms@^2.1.3
241 silly packumentCache full:https://registry.npmjs.org/ms cache-miss
242 http cache https://registry.npmjs.org/debug 5ms (cache hit)
243 silly packumentCache full:https://registry.npmjs.org/debug set size:195840 disposed:false
244 silly fetch manifest inherits@~2.0.4
245 silly packumentCache full:https://registry.npmjs.org/inherits cache-miss
246 http cache https://registry.npmjs.org/qs 7ms (cache hit)
247 silly packumentCache full:https://registry.npmjs.org/qs set size:353582 disposed:false
248 silly fetch manifest setprototypeof@~1.2.0
249 silly packumentCache full:https://registry.npmjs.org/setprototypeof cache-miss
250 http fetch GET 200 https://registry.npmjs.org/negotiator 27ms (cache miss)
251 silly packumentCache full:https://registry.npmjs.org/negotiator set size:undefined disposed:false
252 silly fetch manifest statuses@~2.0.2
253 silly packumentCache full:https://registry.npmjs.org/statuses cache-miss
254 http cache https://registry.npmjs.org/statuses 1ms (cache hit)
255 silly packumentCache full:https://registry.npmjs.org/statuses set size:37117 disposed:false
256 silly fetch manifest toidentifier@~1.0.1
257 silly packumentCache full:https://registry.npmjs.org/toidentifier cache-miss
258 http fetch GET 200 https://registry.npmjs.org/bytes 31ms (cache miss)
259 silly packumentCache full:https://registry.npmjs.org/bytes set size:undefined disposed:false
260 silly fetch manifest mime-db@^1.54.0
261 silly packumentCache full:https://registry.npmjs.org/mime-db cache-miss
262 http fetch GET 200 https://registry.npmjs.org/ms 35ms (cache miss)
263 silly packumentCache full:https://registry.npmjs.org/ms set size:undefined disposed:false
264 silly fetch manifest ee-first@1.1.1
265 silly packumentCache full:https://registry.npmjs.org/ee-first cache-miss
266 http fetch GET 200 https://registry.npmjs.org/inherits 35ms (cache miss)
267 silly packumentCache full:https://registry.npmjs.org/inherits set size:undefined disposed:false
268 silly fetch manifest wrappy@1
269 silly packumentCache full:https://registry.npmjs.org/wrappy cache-miss
270 http fetch GET 200 https://registry.npmjs.org/iconv-lite 42ms (cache miss)
271 silly packumentCache full:https://registry.npmjs.org/iconv-lite set size:undefined disposed:false
272 silly fetch manifest forwarded@0.2.0
273 silly packumentCache full:https://registry.npmjs.org/forwarded cache-miss
274 http fetch GET 200 https://registry.npmjs.org/raw-body 44ms (cache miss)
275 silly packumentCache full:https://registry.npmjs.org/raw-body set size:undefined disposed:false
276 silly fetch manifest ipaddr.js@1.9.1
277 silly packumentCache full:https://registry.npmjs.org/ipaddr.js cache-miss
278 http fetch GET 200 https://registry.npmjs.org/setprototypeof 39ms (cache miss)
279 silly packumentCache full:https://registry.npmjs.org/setprototypeof set size:undefined disposed:false
280 silly fetch manifest side-channel@^1.1.0
281 silly packumentCache full:https://registry.npmjs.org/side-channel cache-miss
282 http fetch GET 200 https://registry.npmjs.org/toidentifier 25ms (cache miss)
283 silly packumentCache full:https://registry.npmjs.org/toidentifier set size:undefined disposed:false
284 silly fetch manifest is-promise@^4.0.0
285 silly packumentCache full:https://registry.npmjs.org/is-promise cache-miss
286 http fetch GET 200 https://registry.npmjs.org/ee-first 27ms (cache miss)
287 silly packumentCache full:https://registry.npmjs.org/ee-first set size:undefined disposed:false
288 silly fetch manifest path-to-regexp@^8.0.0
289 silly packumentCache full:https://registry.npmjs.org/path-to-regexp cache-miss
290 http fetch GET 200 https://registry.npmjs.org/wrappy 29ms (cache miss)
291 silly packumentCache full:https://registry.npmjs.org/wrappy set size:undefined disposed:false
292 silly fetch manifest statuses@^2.0.2
293 silly packumentCache full:https://registry.npmjs.org/statuses cache-hit
294 silly fetch manifest content-type@^2.0.0
295 silly packumentCache full:https://registry.npmjs.org/content-type cache-miss
296 http fetch GET 200 https://registry.npmjs.org/forwarded 29ms (cache miss)
297 silly packumentCache full:https://registry.npmjs.org/forwarded set size:undefined disposed:false
298 silly fetch manifest media-typer@^1.1.0
299 silly packumentCache full:https://registry.npmjs.org/media-typer cache-miss
300 http cache https://registry.npmjs.org/content-type 2ms (cache hit)
301 silly packumentCache full:https://registry.npmjs.org/content-type set size:18994 disposed:false
302 http fetch GET 200 https://registry.npmjs.org/ipaddr.js 39ms (cache miss)
303 silly packumentCache full:https://registry.npmjs.org/ipaddr.js set size:undefined disposed:false
304 http fetch GET 200 https://registry.npmjs.org/side-channel 37ms (cache miss)
305 silly packumentCache full:https://registry.npmjs.org/side-channel set size:undefined disposed:false
306 http fetch GET 200 https://registry.npmjs.org/is-promise 38ms (cache miss)
307 silly packumentCache full:https://registry.npmjs.org/is-promise set size:undefined disposed:false
308 http fetch GET 200 https://registry.npmjs.org/path-to-regexp 31ms (cache miss)
309 silly packumentCache full:https://registry.npmjs.org/path-to-regexp set size:undefined disposed:false
310 http fetch GET 200 https://registry.npmjs.org/media-typer 25ms (cache miss)
311 silly packumentCache full:https://registry.npmjs.org/media-typer set size:undefined disposed:false
312 http fetch GET 200 https://registry.npmjs.org/mime-db 177ms (cache miss)
313 silly packumentCache full:https://registry.npmjs.org/mime-db set size:undefined disposed:false
314 silly placeDep ROOT negotiator@1.0.0 OK for: accepts@2.0.0 want: ^1.0.0
315 silly placeDep ROOT bytes@3.1.2 OK for: body-parser@2.2.2 want: ^3.1.2
316 silly placeDep ROOT iconv-lite@0.7.2 OK for: body-parser@2.2.2 want: ^0.7.0
317 silly placeDep ROOT raw-body@3.0.2 OK for: body-parser@2.2.2 want: ^3.0.1
318 silly fetch manifest safer-buffer@>= 2.1.2 < 3.0.0
319 silly packumentCache full:https://registry.npmjs.org/safer-buffer cache-miss
320 silly fetch manifest unpipe@~1.0.0
321 silly packumentCache full:https://registry.npmjs.org/unpipe cache-miss
322 http fetch GET 200 https://registry.npmjs.org/safer-buffer 30ms (cache miss)
323 silly packumentCache full:https://registry.npmjs.org/safer-buffer set size:undefined disposed:false
324 http fetch GET 200 https://registry.npmjs.org/unpipe 33ms (cache miss)
325 silly packumentCache full:https://registry.npmjs.org/unpipe set size:undefined disposed:false
326 silly placeDep ROOT ms@2.1.3 OK for: debug@4.4.3 want: ^2.1.3
327 silly placeDep ROOT inherits@2.0.4 OK for: http-errors@2.0.1 want: ~2.0.4
328 silly placeDep ROOT setprototypeof@1.2.0 OK for: http-errors@2.0.1 want: ~1.2.0
329 silly placeDep ROOT toidentifier@1.0.1 OK for: http-errors@2.0.1 want: ~1.0.1
330 silly placeDep ROOT safer-buffer@2.1.2 OK for: iconv-lite@0.7.2 want: >= 2.1.2 < 3.0.0
331 silly placeDep ROOT mime-db@1.54.0 OK for: mime-types@3.0.2 want: ^1.54.0
332 silly placeDep ROOT ee-first@1.1.1 OK for: on-finished@2.4.1 want: 1.1.1
333 silly placeDep ROOT wrappy@1.0.2 OK for: once@1.4.0 want: 1
334 silly placeDep ROOT detect-libc@2.1.2 OK for: prebuild-install@7.1.3 want: ^2.0.0
335 silly placeDep ROOT expand-template@2.0.3 OK for: prebuild-install@7.1.3 want: ^2.0.3
336 silly placeDep ROOT github-from-package@0.0.0 OK for: prebuild-install@7.1.3 want: 0.0.0
337 silly placeDep ROOT minimist@1.2.8 OK for: prebuild-install@7.1.3 want: ^1.2.3
338 silly placeDep ROOT mkdirp-classic@0.5.3 OK for: prebuild-install@7.1.3 want: ^0.5.3
339 silly placeDep ROOT napi-build-utils@2.0.0 OK for: prebuild-install@7.1.3 want: ^2.0.0
340 silly placeDep ROOT node-abi@3.92.0 OK for: prebuild-install@7.1.3 want: ^3.3.0
341 silly placeDep ROOT pump@3.0.4 OK for: prebuild-install@7.1.3 want: ^3.0.0
342 silly placeDep ROOT rc@1.2.8 OK for: prebuild-install@7.1.3 want: ^1.2.7
343 silly placeDep ROOT simple-get@4.0.1 OK for: prebuild-install@7.1.3 want: ^4.0.0
344 silly placeDep ROOT tar-fs@2.1.4 OK for: prebuild-install@7.1.3 want: ^2.0.0
345 silly placeDep ROOT tunnel-agent@0.6.0 OK for: prebuild-install@7.1.3 want: ^0.6.0
346 silly fetch manifest semver@^7.3.5
347 silly packumentCache full:https://registry.npmjs.org/semver cache-miss
348 silly fetch manifest end-of-stream@^1.1.0
349 silly packumentCache full:https://registry.npmjs.org/end-of-stream cache-miss
350 silly fetch manifest ini@~1.3.0
351 silly packumentCache full:https://registry.npmjs.org/ini cache-miss
352 silly fetch manifest deep-extend@^0.6.0
353 silly packumentCache full:https://registry.npmjs.org/deep-extend cache-miss
354 silly fetch manifest strip-json-comments@~2.0.1
355 silly packumentCache full:https://registry.npmjs.org/strip-json-comments cache-miss
356 silly fetch manifest decompress-response@^6.0.0
357 silly packumentCache full:https://registry.npmjs.org/decompress-response cache-miss
358 silly fetch manifest simple-concat@^1.0.0
359 silly packumentCache full:https://registry.npmjs.org/simple-concat cache-miss
360 http fetch GET 200 https://registry.npmjs.org/decompress-response 26ms (cache miss)
361 silly packumentCache full:https://registry.npmjs.org/decompress-response set size:undefined disposed:false
362 silly fetch manifest chownr@^1.1.1
363 silly packumentCache full:https://registry.npmjs.org/chownr cache-miss
364 http fetch GET 200 https://registry.npmjs.org/strip-json-comments 32ms (cache miss)
365 silly packumentCache full:https://registry.npmjs.org/strip-json-comments set size:undefined disposed:false
366 silly fetch manifest tar-stream@^2.1.4
367 silly packumentCache full:https://registry.npmjs.org/tar-stream cache-miss
368 http fetch GET 200 https://registry.npmjs.org/deep-extend 34ms (cache miss)
369 silly packumentCache full:https://registry.npmjs.org/deep-extend set size:undefined disposed:false
370 silly fetch manifest safe-buffer@^5.0.1
371 silly packumentCache full:https://registry.npmjs.org/safe-buffer cache-miss
372 http fetch GET 200 https://registry.npmjs.org/simple-concat 35ms (cache miss)
373 silly packumentCache full:https://registry.npmjs.org/simple-concat set size:undefined disposed:false
374 http fetch GET 200 https://registry.npmjs.org/end-of-stream 37ms (cache miss)
375 silly packumentCache full:https://registry.npmjs.org/end-of-stream set size:undefined disposed:false
376 http fetch GET 200 https://registry.npmjs.org/ini 37ms (cache miss)
377 silly packumentCache full:https://registry.npmjs.org/ini set size:undefined disposed:false
378 http fetch GET 200 https://registry.npmjs.org/semver 46ms (cache miss)
379 silly packumentCache full:https://registry.npmjs.org/semver set size:undefined disposed:false
380 http fetch GET 200 https://registry.npmjs.org/chownr 28ms (cache miss)
381 silly packumentCache full:https://registry.npmjs.org/chownr set size:undefined disposed:false
382 http fetch GET 200 https://registry.npmjs.org/safe-buffer 83ms (cache miss)
383 silly packumentCache full:https://registry.npmjs.org/safe-buffer set size:undefined disposed:false
384 http fetch GET 200 https://registry.npmjs.org/tar-stream 178ms (cache miss)
385 silly packumentCache full:https://registry.npmjs.org/tar-stream set size:undefined disposed:false
386 silly placeDep ROOT semver@7.8.0 OK for: node-abi@3.92.0 want: ^7.3.5
387 silly placeDep ROOT forwarded@0.2.0 OK for: proxy-addr@2.0.7 want: 0.2.0
388 silly placeDep ROOT ipaddr.js@1.9.1 OK for: proxy-addr@2.0.7 want: 1.9.1
389 silly placeDep ROOT end-of-stream@1.4.5 OK for: pump@3.0.4 want: ^1.1.0
390 silly placeDep ROOT side-channel@1.1.0 OK for: qs@6.15.1 want: ^1.1.0
391 silly fetch manifest es-errors@^1.3.0
392 silly packumentCache full:https://registry.npmjs.org/es-errors cache-miss
393 silly fetch manifest object-inspect@^1.13.3
394 silly packumentCache full:https://registry.npmjs.org/object-inspect cache-miss
395 silly fetch manifest side-channel-list@^1.0.0
396 silly packumentCache full:https://registry.npmjs.org/side-channel-list cache-miss
397 silly fetch manifest side-channel-map@^1.0.1
398 silly packumentCache full:https://registry.npmjs.org/side-channel-map cache-miss
399 silly fetch manifest side-channel-weakmap@^1.0.2
400 silly packumentCache full:https://registry.npmjs.org/side-channel-weakmap cache-miss
401 http fetch GET 200 https://registry.npmjs.org/es-errors 26ms (cache miss)
402 silly packumentCache full:https://registry.npmjs.org/es-errors set size:undefined disposed:false
403 http fetch GET 200 https://registry.npmjs.org/side-channel-weakmap 26ms (cache miss)
404 silly packumentCache full:https://registry.npmjs.org/side-channel-weakmap set size:undefined disposed:false
405 http fetch GET 200 https://registry.npmjs.org/object-inspect 31ms (cache miss)
406 silly packumentCache full:https://registry.npmjs.org/object-inspect set size:undefined disposed:false
407 http fetch GET 200 https://registry.npmjs.org/side-channel-list 36ms (cache miss)
408 silly packumentCache full:https://registry.npmjs.org/side-channel-list set size:undefined disposed:false
409 http fetch GET 200 https://registry.npmjs.org/side-channel-map 40ms (cache miss)
410 silly packumentCache full:https://registry.npmjs.org/side-channel-map set size:undefined disposed:false
411 silly placeDep ROOT unpipe@1.0.0 OK for: raw-body@3.0.2 want: ~1.0.0
412 silly placeDep ROOT deep-extend@0.6.0 OK for: rc@1.2.8 want: ^0.6.0
413 silly placeDep ROOT ini@1.3.8 OK for: rc@1.2.8 want: ~1.3.0
414 silly placeDep ROOT strip-json-comments@2.0.1 OK for: rc@1.2.8 want: ~2.0.1
415 silly placeDep ROOT is-promise@4.0.0 OK for: router@2.2.0 want: ^4.0.0
416 silly placeDep ROOT path-to-regexp@8.4.2 OK for: router@2.2.0 want: ^8.0.0
417 silly placeDep ROOT es-errors@1.3.0 OK for: side-channel@1.1.0 want: ^1.3.0
418 silly placeDep ROOT object-inspect@1.13.4 OK for: side-channel@1.1.0 want: ^1.13.3
419 silly placeDep ROOT side-channel-list@1.0.1 OK for: side-channel@1.1.0 want: ^1.0.0
420 silly placeDep ROOT side-channel-map@1.0.1 OK for: side-channel@1.1.0 want: ^1.0.1
421 silly placeDep ROOT side-channel-weakmap@1.0.2 OK for: side-channel@1.1.0 want: ^1.0.2
422 silly fetch manifest call-bound@^1.0.2
423 silly packumentCache full:https://registry.npmjs.org/call-bound cache-miss
424 silly fetch manifest get-intrinsic@^1.2.5
425 silly packumentCache full:https://registry.npmjs.org/get-intrinsic cache-miss
426 silly fetch manifest call-bound@^1.0.2
427 silly packumentCache full:https://registry.npmjs.org/call-bound cache-miss
428 silly fetch manifest get-intrinsic@^1.2.5
429 silly packumentCache full:https://registry.npmjs.org/get-intrinsic cache-miss
430 http fetch GET 200 https://registry.npmjs.org/call-bound 29ms (cache miss)
431 silly packumentCache full:https://registry.npmjs.org/call-bound set size:undefined disposed:false
432 http fetch GET 200 https://registry.npmjs.org/call-bound 30ms (cache miss)
433 silly packumentCache full:https://registry.npmjs.org/call-bound set size:undefined disposed:false
434 http fetch GET 200 https://registry.npmjs.org/get-intrinsic 30ms (cache miss)
435 silly packumentCache full:https://registry.npmjs.org/get-intrinsic set size:undefined disposed:false
436 http fetch GET 200 https://registry.npmjs.org/get-intrinsic 33ms (cache miss)
437 silly packumentCache full:https://registry.npmjs.org/get-intrinsic set size:undefined disposed:false
438 silly placeDep ROOT call-bound@1.0.4 OK for: side-channel-map@1.0.1 want: ^1.0.2
439 silly placeDep ROOT get-intrinsic@1.3.0 OK for: side-channel-map@1.0.1 want: ^1.2.5
440 silly fetch manifest call-bind-apply-helpers@^1.0.2
441 silly packumentCache full:https://registry.npmjs.org/call-bind-apply-helpers cache-miss
442 silly fetch manifest get-intrinsic@^1.3.0
443 silly packumentCache full:https://registry.npmjs.org/get-intrinsic cache-miss
444 silly fetch manifest gopd@^1.2.0
445 silly packumentCache full:https://registry.npmjs.org/gopd cache-miss
446 silly fetch manifest hasown@^2.0.2
447 silly packumentCache full:https://registry.npmjs.org/hasown cache-miss
448 silly fetch manifest get-proto@^1.0.1
449 silly packumentCache full:https://registry.npmjs.org/get-proto cache-miss
450 silly fetch manifest has-symbols@^1.1.0
451 silly packumentCache full:https://registry.npmjs.org/has-symbols cache-miss
452 silly fetch manifest function-bind@^1.1.2
453 silly packumentCache full:https://registry.npmjs.org/function-bind cache-miss
454 http cache https://registry.npmjs.org/get-intrinsic 3ms (cache hit)
455 silly packumentCache full:https://registry.npmjs.org/get-intrinsic set size:60985 disposed:false
456 silly fetch manifest es-object-atoms@^1.1.1
457 silly packumentCache full:https://registry.npmjs.org/es-object-atoms cache-miss
458 http fetch GET 200 https://registry.npmjs.org/es-object-atoms 29ms (cache miss)
459 silly packumentCache full:https://registry.npmjs.org/es-object-atoms set size:undefined disposed:false
460 silly fetch manifest math-intrinsics@^1.1.0
461 silly packumentCache full:https://registry.npmjs.org/math-intrinsics cache-miss
462 http fetch GET 200 https://registry.npmjs.org/get-proto 33ms (cache miss)
463 silly packumentCache full:https://registry.npmjs.org/get-proto set size:undefined disposed:false
464 silly fetch manifest es-define-property@^1.0.1
465 silly packumentCache full:https://registry.npmjs.org/es-define-property cache-miss
466 http fetch GET 200 https://registry.npmjs.org/function-bind 34ms (cache miss)
467 silly packumentCache full:https://registry.npmjs.org/function-bind set size:undefined disposed:false
468 silly fetch manifest call-bind-apply-helpers@^1.0.2
469 silly packumentCache full:https://registry.npmjs.org/call-bind-apply-helpers cache-miss
470 http fetch GET 200 https://registry.npmjs.org/has-symbols 35ms (cache miss)
471 silly packumentCache full:https://registry.npmjs.org/has-symbols set size:undefined disposed:false
472 http fetch GET 200 https://registry.npmjs.org/call-bind-apply-helpers 36ms (cache miss)
473 silly packumentCache full:https://registry.npmjs.org/call-bind-apply-helpers set size:undefined disposed:false
474 http fetch GET 200 https://registry.npmjs.org/gopd 36ms (cache miss)
475 silly packumentCache full:https://registry.npmjs.org/gopd set size:undefined disposed:false
476 http fetch GET 200 https://registry.npmjs.org/hasown 42ms (cache miss)
477 silly packumentCache full:https://registry.npmjs.org/hasown set size:undefined disposed:false
478 http fetch GET 200 https://registry.npmjs.org/math-intrinsics 30ms (cache miss)
479 silly packumentCache full:https://registry.npmjs.org/math-intrinsics set size:undefined disposed:false
480 http fetch GET 200 https://registry.npmjs.org/call-bind-apply-helpers 30ms (cache miss)
481 silly packumentCache full:https://registry.npmjs.org/call-bind-apply-helpers set size:undefined disposed:false
482 http fetch GET 200 https://registry.npmjs.org/es-define-property 45ms (cache miss)
483 silly packumentCache full:https://registry.npmjs.org/es-define-property set size:undefined disposed:false
484 silly placeDep ROOT call-bind-apply-helpers@1.0.2 OK for: call-bound@1.0.4 want: ^1.0.2
485 silly placeDep ROOT function-bind@1.1.2 OK for: call-bind-apply-helpers@1.0.2 want: ^1.1.2
486 silly placeDep ROOT es-define-property@1.0.1 OK for: get-intrinsic@1.3.0 want: ^1.0.1
487 silly placeDep ROOT es-object-atoms@1.1.1 OK for: get-intrinsic@1.3.0 want: ^1.1.1
488 silly placeDep ROOT get-proto@1.0.1 OK for: get-intrinsic@1.3.0 want: ^1.0.1
489 silly placeDep ROOT gopd@1.2.0 OK for: get-intrinsic@1.3.0 want: ^1.2.0
490 silly placeDep ROOT has-symbols@1.1.0 OK for: get-intrinsic@1.3.0 want: ^1.1.0
491 silly placeDep ROOT hasown@2.0.3 OK for: get-intrinsic@1.3.0 want: ^2.0.2
492 silly placeDep ROOT math-intrinsics@1.1.0 OK for: get-intrinsic@1.3.0 want: ^1.1.0
493 silly fetch manifest dunder-proto@^1.0.1
494 silly packumentCache full:https://registry.npmjs.org/dunder-proto cache-miss
495 http fetch GET 200 https://registry.npmjs.org/dunder-proto 30ms (cache miss)
496 silly packumentCache full:https://registry.npmjs.org/dunder-proto set size:undefined disposed:false
497 silly placeDep ROOT dunder-proto@1.0.1 OK for: get-proto@1.0.1 want: ^1.0.1
498 silly placeDep ROOT decompress-response@6.0.0 OK for: simple-get@4.0.1 want: ^6.0.0
499 silly placeDep ROOT simple-concat@1.0.1 OK for: simple-get@4.0.1 want: ^1.0.0
500 silly fetch manifest mimic-response@^3.1.0
501 silly packumentCache full:https://registry.npmjs.org/mimic-response cache-miss
502 http fetch GET 200 https://registry.npmjs.org/mimic-response 26ms (cache miss)
503 silly packumentCache full:https://registry.npmjs.org/mimic-response set size:undefined disposed:false
504 silly placeDep ROOT mimic-response@3.1.0 OK for: decompress-response@6.0.0 want: ^3.1.0
505 silly placeDep ROOT chownr@1.1.4 OK for: tar-fs@2.1.4 want: ^1.1.1
506 silly placeDep ROOT tar-stream@2.2.0 OK for: tar-fs@2.1.4 want: ^2.1.4
507 silly fetch manifest bl@^4.0.3
508 silly packumentCache full:https://registry.npmjs.org/bl cache-miss
509 silly fetch manifest fs-constants@^1.0.0
510 silly packumentCache full:https://registry.npmjs.org/fs-constants cache-miss
511 silly fetch manifest readable-stream@^3.1.1
512 silly packumentCache full:https://registry.npmjs.org/readable-stream cache-miss
513 http fetch GET 200 https://registry.npmjs.org/readable-stream 32ms (cache miss)
514 silly packumentCache full:https://registry.npmjs.org/readable-stream set size:undefined disposed:false
515 http fetch GET 200 https://registry.npmjs.org/fs-constants 36ms (cache miss)
516 silly packumentCache full:https://registry.npmjs.org/fs-constants set size:undefined disposed:false
517 http fetch GET 200 https://registry.npmjs.org/bl 38ms (cache miss)
518 silly packumentCache full:https://registry.npmjs.org/bl set size:undefined disposed:false
519 silly placeDep ROOT bl@4.1.0 OK for: tar-stream@2.2.0 want: ^4.0.3
520 silly placeDep ROOT fs-constants@1.0.0 OK for: tar-stream@2.2.0 want: ^1.0.0
521 silly placeDep ROOT readable-stream@3.6.2 OK for: tar-stream@2.2.0 want: ^3.1.1
522 silly fetch manifest buffer@^5.5.0
523 silly packumentCache full:https://registry.npmjs.org/buffer cache-miss
524 silly fetch manifest readable-stream@^3.4.0
525 silly packumentCache full:https://registry.npmjs.org/readable-stream cache-miss
526 silly fetch manifest string_decoder@^1.1.1
527 silly packumentCache full:https://registry.npmjs.org/string_decoder cache-miss
528 silly fetch manifest util-deprecate@^1.0.1
529 silly packumentCache full:https://registry.npmjs.org/util-deprecate cache-miss
530 http cache https://registry.npmjs.org/readable-stream 3ms (cache hit)
531 silly packumentCache full:https://registry.npmjs.org/readable-stream set size:261096 disposed:false
532 http fetch GET 200 https://registry.npmjs.org/util-deprecate 32ms (cache miss)
533 silly packumentCache full:https://registry.npmjs.org/util-deprecate set size:undefined disposed:false
534 http fetch GET 200 https://registry.npmjs.org/string_decoder 32ms (cache miss)
535 silly packumentCache full:https://registry.npmjs.org/string_decoder set size:undefined disposed:false
536 http fetch GET 200 https://registry.npmjs.org/buffer 37ms (cache miss)
537 silly packumentCache full:https://registry.npmjs.org/buffer set size:undefined disposed:false
538 silly placeDep ROOT buffer@5.7.1 OK for: bl@4.1.0 want: ^5.5.0
539 silly fetch manifest base64-js@^1.3.1
540 silly packumentCache full:https://registry.npmjs.org/base64-js cache-miss
541 silly fetch manifest ieee754@^1.1.13
542 silly packumentCache full:https://registry.npmjs.org/ieee754 cache-miss
543 http fetch GET 200 https://registry.npmjs.org/ieee754 25ms (cache miss)
544 silly packumentCache full:https://registry.npmjs.org/ieee754 set size:undefined disposed:false
545 http fetch GET 200 https://registry.npmjs.org/base64-js 30ms (cache miss)
546 silly packumentCache full:https://registry.npmjs.org/base64-js set size:undefined disposed:false
547 silly placeDep ROOT base64-js@1.5.1 OK for: buffer@5.7.1 want: ^1.3.1
548 silly placeDep ROOT ieee754@1.2.1 OK for: buffer@5.7.1 want: ^1.1.13
549 silly placeDep ROOT string_decoder@1.3.0 OK for: readable-stream@3.6.2 want: ^1.1.1
550 silly placeDep ROOT util-deprecate@1.0.2 OK for: readable-stream@3.6.2 want: ^1.0.1
551 silly fetch manifest safe-buffer@~5.2.0
552 silly packumentCache full:https://registry.npmjs.org/safe-buffer cache-miss
553 http cache https://registry.npmjs.org/safe-buffer 2ms (cache hit)
554 silly packumentCache full:https://registry.npmjs.org/safe-buffer set size:41183 disposed:false
555 silly placeDep ROOT safe-buffer@5.2.1 OK for: string_decoder@1.3.0 want: ~5.2.0
556 silly placeDep node_modules/type-is content-type@2.0.0 OK for: type-is@2.1.0 want: ^2.0.0
557 silly placeDep ROOT media-typer@1.1.0 OK for: type-is@2.1.0 want: ^1.1.0
558 silly reify moves {}
559 silly audit bulk request {
559 silly audit   'better-sqlite3': [ '12.10.0' ],
559 silly audit   express: [ '5.2.1' ],
559 silly audit   bindings: [ '1.5.0' ],
559 silly audit   'prebuild-install': [ '7.1.3' ],
559 silly audit   'file-uri-to-path': [ '1.0.0' ],
559 silly audit   accepts: [ '2.0.0' ],
559 silly audit   'body-parser': [ '2.2.2' ],
559 silly audit   'content-disposition': [ '1.1.0' ],
559 silly audit   'content-type': [ '1.0.5', '2.0.0' ],
559 silly audit   cookie: [ '0.7.2' ],
559 silly audit   'cookie-signature': [ '1.2.2' ],
559 silly audit   debug: [ '4.4.3' ],
559 silly audit   depd: [ '2.0.0' ],
559 silly audit   encodeurl: [ '2.0.0' ],
559 silly audit   'escape-html': [ '1.0.3' ],
559 silly audit   etag: [ '1.8.1' ],
559 silly audit   finalhandler: [ '2.1.1' ],
559 silly audit   fresh: [ '2.0.0' ],
559 silly audit   'http-errors': [ '2.0.1' ],
559 silly audit   'merge-descriptors': [ '2.0.0' ],
559 silly audit   'mime-types': [ '3.0.2' ],
559 silly audit   'on-finished': [ '2.4.1' ],
559 silly audit   once: [ '1.4.0' ],
559 silly audit   parseurl: [ '1.3.3' ],
559 silly audit   'proxy-addr': [ '2.0.7' ],
559 silly audit   qs: [ '6.15.1' ],
559 silly audit   'range-parser': [ '1.2.1' ],
559 silly audit   router: [ '2.2.0' ],
559 silly audit   send: [ '1.2.1' ],
559 silly audit   'serve-static': [ '2.2.1' ],
559 silly audit   statuses: [ '2.0.2' ],
559 silly audit   'type-is': [ '2.1.0' ],
559 silly audit   vary: [ '1.1.2' ],
559 silly audit   negotiator: [ '1.0.0' ],
559 silly audit   bytes: [ '3.1.2' ],
559 silly audit   'iconv-lite': [ '0.7.2' ],
559 silly audit   'raw-body': [ '3.0.2' ],
559 silly audit   ms: [ '2.1.3' ],
559 silly audit   inherits: [ '2.0.4' ],
559 silly audit   setprototypeof: [ '1.2.0' ],
559 silly audit   toidentifier: [ '1.0.1' ],
559 silly audit   'safer-buffer': [ '2.1.2' ],
559 silly audit   'mime-db': [ '1.54.0' ],
559 silly audit   'ee-first': [ '1.1.1' ],
559 silly audit   wrappy: [ '1.0.2' ],
559 silly audit   'detect-libc': [ '2.1.2' ],
559 silly audit   'expand-template': [ '2.0.3' ],
559 silly audit   'github-from-package': [ '0.0.0' ],
559 silly audit   minimist: [ '1.2.8' ],
559 silly audit   'mkdirp-classic': [ '0.5.3' ],
559 silly audit   'napi-build-utils': [ '2.0.0' ],
559 silly audit   'node-abi': [ '3.92.0' ],
559 silly audit   pump: [ '3.0.4' ],
559 silly audit   rc: [ '1.2.8' ],
559 silly audit   'simple-get': [ '4.0.1' ],
559 silly audit   'tar-fs': [ '2.1.4' ],
559 silly audit   'tunnel-agent': [ '0.6.0' ],
559 silly audit   semver: [ '7.8.0' ],
559 silly audit   forwarded: [ '0.2.0' ],
559 silly audit   'ipaddr.js': [ '1.9.1' ],
559 silly audit   'end-of-stream': [ '1.4.5' ],
559 silly audit   'side-channel': [ '1.1.0' ],
559 silly audit   unpipe: [ '1.0.0' ],
559 silly audit   'deep-extend': [ '0.6.0' ],
559 silly audit   ini: [ '1.3.8' ],
559 silly audit   'strip-json-comments': [ '2.0.1' ],
559 silly audit   'is-promise': [ '4.0.0' ],
559 silly audit   'path-to-regexp': [ '8.4.2' ],
559 silly audit   'es-errors': [ '1.3.0' ],
559 silly audit   'object-inspect': [ '1.13.4' ],
559 silly audit   'side-channel-list': [ '1.0.1' ],
559 silly audit   'side-channel-map': [ '1.0.1' ],
559 silly audit   'side-channel-weakmap': [ '1.0.2' ],
559 silly audit   'call-bound': [ '1.0.4' ],
559 silly audit   'get-intrinsic': [ '1.3.0' ],
559 silly audit   'call-bind-apply-helpers': [ '1.0.2' ],
559 silly audit   'function-bind': [ '1.1.2' ],
559 silly audit   'es-define-property': [ '1.0.1' ],
559 silly audit   'es-object-atoms': [ '1.1.1' ],
559 silly audit   'get-proto': [ '1.0.1' ],
559 silly audit   gopd: [ '1.2.0' ],
559 silly audit   'has-symbols': [ '1.1.0' ],
559 silly audit   hasown: [ '2.0.3' ],
559 silly audit   'math-intrinsics': [ '1.1.0' ],
559 silly audit   'dunder-proto': [ '1.0.1' ],
559 silly audit   'decompress-response': [ '6.0.0' ],
559 silly audit   'simple-concat': [ '1.0.1' ],
559 silly audit   'mimic-response': [ '3.1.0' ],
559 silly audit   chownr: [ '1.1.4' ],
559 silly audit   'tar-stream': [ '2.2.0' ],
559 silly audit   bl: [ '4.1.0' ],
559 silly audit   'fs-constants': [ '1.0.0' ],
559 silly audit   'readable-stream': [ '3.6.2' ],
559 silly audit   buffer: [ '5.7.1' ],
559 silly audit   'base64-js': [ '1.5.1' ],
559 silly audit   ieee754: [ '1.2.1' ],
559 silly audit   string_decoder: [ '1.3.0' ],
559 silly audit   'util-deprecate': [ '1.0.2' ],
559 silly audit   'safe-buffer': [ '5.2.1' ],
559 silly audit   'media-typer': [ '1.1.0' ]
559 silly audit }
560 http cache safe-buffer@https://registry.npmjs.org/safe-buffer/-/safe-buffer-5.2.1.tgz 0ms (cache hit)
561 http cache media-typer@https://registry.npmjs.org/media-typer/-/media-typer-1.1.0.tgz 0ms (cache hit)
562 http cache util-deprecate@https://registry.npmjs.org/util-deprecate/-/util-deprecate-1.0.2.tgz 0ms (cache hit)
563 http cache string_decoder@https://registry.npmjs.org/string_decoder/-/string_decoder-1.3.0.tgz 0ms (cache hit)
564 http cache ieee754@https://registry.npmjs.org/ieee754/-/ieee754-1.2.1.tgz 0ms (cache hit)
565 http cache base64-js@https://registry.npmjs.org/base64-js/-/base64-js-1.5.1.tgz 0ms (cache hit)
566 http cache buffer@https://registry.npmjs.org/buffer/-/buffer-5.7.1.tgz 0ms (cache hit)
567 http cache readable-stream@https://registry.npmjs.org/readable-stream/-/readable-stream-3.6.2.tgz 0ms (cache hit)
568 http cache fs-constants@https://registry.npmjs.org/fs-constants/-/fs-constants-1.0.0.tgz 0ms (cache hit)
569 http cache bl@https://registry.npmjs.org/bl/-/bl-4.1.0.tgz 0ms (cache hit)
570 http cache chownr@https://registry.npmjs.org/chownr/-/chownr-1.1.4.tgz 0ms (cache hit)
571 http cache simple-concat@https://registry.npmjs.org/simple-concat/-/simple-concat-1.0.1.tgz 0ms (cache hit)
572 http cache mimic-response@https://registry.npmjs.org/mimic-response/-/mimic-response-3.1.0.tgz 0ms (cache hit)
573 http cache decompress-response@https://registry.npmjs.org/decompress-response/-/decompress-response-6.0.0.tgz 0ms (cache hit)
574 http cache dunder-proto@https://registry.npmjs.org/dunder-proto/-/dunder-proto-1.0.1.tgz 0ms (cache hit)
575 http cache hasown@https://registry.npmjs.org/hasown/-/hasown-2.0.3.tgz 0ms (cache hit)
576 http cache has-symbols@https://registry.npmjs.org/has-symbols/-/has-symbols-1.1.0.tgz 0ms (cache hit)
577 http cache get-proto@https://registry.npmjs.org/get-proto/-/get-proto-1.0.1.tgz 0ms (cache hit)
578 http cache es-object-atoms@https://registry.npmjs.org/es-object-atoms/-/es-object-atoms-1.1.1.tgz 0ms (cache hit)
579 http cache es-define-property@https://registry.npmjs.org/es-define-property/-/es-define-property-1.0.1.tgz 0ms (cache hit)
580 http cache function-bind@https://registry.npmjs.org/function-bind/-/function-bind-1.1.2.tgz 0ms (cache hit)
581 http cache call-bind-apply-helpers@https://registry.npmjs.org/call-bind-apply-helpers/-/call-bind-apply-helpers-1.0.2.tgz 0ms (cache hit)
582 http cache tar-stream@https://registry.npmjs.org/tar-stream/-/tar-stream-2.2.0.tgz 1ms (cache hit)
583 http cache call-bound@https://registry.npmjs.org/call-bound/-/call-bound-1.0.4.tgz 0ms (cache hit)
584 http cache side-channel-weakmap@https://registry.npmjs.org/side-channel-weakmap/-/side-channel-weakmap-1.0.2.tgz 0ms (cache hit)
585 http cache side-channel-map@https://registry.npmjs.org/side-channel-map/-/side-channel-map-1.0.1.tgz 0ms (cache hit)
586 http cache object-inspect@https://registry.npmjs.org/object-inspect/-/object-inspect-1.13.4.tgz 0ms (cache hit)
587 http cache is-promise@https://registry.npmjs.org/is-promise/-/is-promise-4.0.0.tgz 0ms (cache hit)
588 http cache side-channel-list@https://registry.npmjs.org/side-channel-list/-/side-channel-list-1.0.1.tgz 0ms (cache hit)
589 http cache path-to-regexp@https://registry.npmjs.org/path-to-regexp/-/path-to-regexp-8.4.2.tgz 0ms (cache hit)
590 http cache ini@https://registry.npmjs.org/ini/-/ini-1.3.8.tgz 0ms (cache hit)
591 http cache deep-extend@https://registry.npmjs.org/deep-extend/-/deep-extend-0.6.0.tgz 0ms (cache hit)
592 http cache es-errors@https://registry.npmjs.org/es-errors/-/es-errors-1.3.0.tgz 0ms (cache hit)
593 http cache side-channel@https://registry.npmjs.org/side-channel/-/side-channel-1.1.0.tgz 0ms (cache hit)
594 http cache get-intrinsic@https://registry.npmjs.org/get-intrinsic/-/get-intrinsic-1.3.0.tgz 0ms (cache hit)
595 http cache unpipe@https://registry.npmjs.org/unpipe/-/unpipe-1.0.0.tgz 0ms (cache hit)
596 http cache ipaddr.js@https://registry.npmjs.org/ipaddr.js/-/ipaddr.js-1.9.1.tgz 0ms (cache hit)
597 http cache forwarded@https://registry.npmjs.org/forwarded/-/forwarded-0.2.0.tgz 0ms (cache hit)
598 http cache semver@https://registry.npmjs.org/semver/-/semver-7.8.0.tgz 0ms (cache hit)
599 http cache tunnel-agent@https://registry.npmjs.org/tunnel-agent/-/tunnel-agent-0.6.0.tgz 0ms (cache hit)
600 http cache tar-fs@https://registry.npmjs.org/tar-fs/-/tar-fs-2.1.4.tgz 0ms (cache hit)
601 http cache end-of-stream@https://registry.npmjs.org/end-of-stream/-/end-of-stream-1.4.5.tgz 0ms (cache hit)
602 http cache simple-get@https://registry.npmjs.org/simple-get/-/simple-get-4.0.1.tgz 0ms (cache hit)
603 http cache rc@https://registry.npmjs.org/rc/-/rc-1.2.8.tgz 0ms (cache hit)
604 http cache node-abi@https://registry.npmjs.org/node-abi/-/node-abi-3.92.0.tgz 0ms (cache hit)
605 http cache napi-build-utils@https://registry.npmjs.org/napi-build-utils/-/napi-build-utils-2.0.0.tgz 0ms (cache hit)
606 http cache strip-json-comments@https://registry.npmjs.org/strip-json-comments/-/strip-json-comments-2.0.1.tgz 0ms (cache hit)
607 http cache pump@https://registry.npmjs.org/pump/-/pump-3.0.4.tgz 0ms (cache hit)
608 http cache mkdirp-classic@https://registry.npmjs.org/mkdirp-classic/-/mkdirp-classic-0.5.3.tgz 0ms (cache hit)
609 http cache minimist@https://registry.npmjs.org/minimist/-/minimist-1.2.8.tgz 0ms (cache hit)
610 http cache detect-libc@https://registry.npmjs.org/detect-libc/-/detect-libc-2.1.2.tgz 0ms (cache hit)
611 http cache wrappy@https://registry.npmjs.org/wrappy/-/wrappy-1.0.2.tgz 0ms (cache hit)
612 http cache expand-template@https://registry.npmjs.org/expand-template/-/expand-template-2.0.3.tgz 0ms (cache hit)
613 http cache math-intrinsics@https://registry.npmjs.org/math-intrinsics/-/math-intrinsics-1.1.0.tgz 0ms (cache hit)
614 http cache ee-first@https://registry.npmjs.org/ee-first/-/ee-first-1.1.1.tgz 0ms (cache hit)
615 http cache github-from-package@https://registry.npmjs.org/github-from-package/-/github-from-package-0.0.0.tgz 0ms (cache hit)
616 http cache inherits@https://registry.npmjs.org/inherits/-/inherits-2.0.4.tgz 0ms (cache hit)
617 http cache toidentifier@https://registry.npmjs.org/toidentifier/-/toidentifier-1.0.1.tgz 0ms (cache hit)
618 http cache ms@https://registry.npmjs.org/ms/-/ms-2.1.3.tgz 0ms (cache hit)
619 http cache safer-buffer@https://registry.npmjs.org/safer-buffer/-/safer-buffer-2.1.2.tgz 0ms (cache hit)
620 http cache mime-db@https://registry.npmjs.org/mime-db/-/mime-db-1.54.0.tgz 0ms (cache hit)
621 http cache raw-body@https://registry.npmjs.org/raw-body/-/raw-body-3.0.2.tgz 0ms (cache hit)
622 http cache setprototypeof@https://registry.npmjs.org/setprototypeof/-/setprototypeof-1.2.0.tgz 0ms (cache hit)
623 http cache iconv-lite@https://registry.npmjs.org/iconv-lite/-/iconv-lite-0.7.2.tgz 0ms (cache hit)
624 http cache vary@https://registry.npmjs.org/vary/-/vary-1.1.2.tgz 0ms (cache hit)
625 http cache gopd@https://registry.npmjs.org/gopd/-/gopd-1.2.0.tgz 0ms (cache hit)
626 http cache type-is@https://registry.npmjs.org/type-is/-/type-is-2.1.0.tgz 0ms (cache hit)
627 http cache negotiator@https://registry.npmjs.org/negotiator/-/negotiator-1.0.0.tgz 0ms (cache hit)
628 http cache bytes@https://registry.npmjs.org/bytes/-/bytes-3.1.2.tgz 0ms (cache hit)
629 http cache statuses@https://registry.npmjs.org/statuses/-/statuses-2.0.2.tgz 0ms (cache hit)
630 http cache send@https://registry.npmjs.org/send/-/send-1.2.1.tgz 0ms (cache hit)
631 http cache once@https://registry.npmjs.org/once/-/once-1.4.0.tgz 0ms (cache hit)
632 http cache serve-static@https://registry.npmjs.org/serve-static/-/serve-static-2.2.1.tgz 0ms (cache hit)
633 http cache parseurl@https://registry.npmjs.org/parseurl/-/parseurl-1.3.3.tgz 0ms (cache hit)
634 http cache range-parser@https://registry.npmjs.org/range-parser/-/range-parser-1.2.1.tgz 0ms (cache hit)
635 http cache on-finished@https://registry.npmjs.org/on-finished/-/on-finished-2.4.1.tgz 0ms (cache hit)
636 http cache qs@https://registry.npmjs.org/qs/-/qs-6.15.1.tgz 0ms (cache hit)
637 http cache proxy-addr@https://registry.npmjs.org/proxy-addr/-/proxy-addr-2.0.7.tgz 0ms (cache hit)
638 http cache mime-types@https://registry.npmjs.org/mime-types/-/mime-types-3.0.2.tgz 0ms (cache hit)
639 http cache fresh@https://registry.npmjs.org/fresh/-/fresh-2.0.0.tgz 0ms (cache hit)
640 http cache http-errors@https://registry.npmjs.org/http-errors/-/http-errors-2.0.1.tgz 0ms (cache hit)
641 http cache encodeurl@https://registry.npmjs.org/encodeurl/-/encodeurl-2.0.0.tgz 0ms (cache hit)
642 http cache router@https://registry.npmjs.org/router/-/router-2.2.0.tgz 0ms (cache hit)
643 http cache escape-html@https://registry.npmjs.org/escape-html/-/escape-html-1.0.3.tgz 0ms (cache hit)
644 http cache merge-descriptors@https://registry.npmjs.org/merge-descriptors/-/merge-descriptors-2.0.0.tgz 0ms (cache hit)
645 http cache debug@https://registry.npmjs.org/debug/-/debug-4.4.3.tgz 0ms (cache hit)
646 http cache depd@https://registry.npmjs.org/depd/-/depd-2.0.0.tgz 0ms (cache hit)
647 http cache finalhandler@https://registry.npmjs.org/finalhandler/-/finalhandler-2.1.1.tgz 0ms (cache hit)
648 http cache content-type@https://registry.npmjs.org/content-type/-/content-type-1.0.5.tgz 0ms (cache hit)
649 http cache cookie-signature@https://registry.npmjs.org/cookie-signature/-/cookie-signature-1.2.2.tgz 0ms (cache hit)
650 http cache cookie@https://registry.npmjs.org/cookie/-/cookie-0.7.2.tgz 0ms (cache hit)
651 http cache body-parser@https://registry.npmjs.org/body-parser/-/body-parser-2.2.2.tgz 0ms (cache hit)
652 http cache content-disposition@https://registry.npmjs.org/content-disposition/-/content-disposition-1.1.0.tgz 0ms (cache hit)
653 http cache prebuild-install@https://registry.npmjs.org/prebuild-install/-/prebuild-install-7.1.3.tgz 0ms (cache hit)
654 http cache express@https://registry.npmjs.org/express/-/express-5.2.1.tgz 0ms (cache hit)
655 http cache accepts@https://registry.npmjs.org/accepts/-/accepts-2.0.0.tgz 0ms (cache hit)
656 http cache etag@https://registry.npmjs.org/etag/-/etag-1.8.1.tgz 0ms (cache hit)
657 http cache content-type@https://registry.npmjs.org/content-type/-/content-type-2.0.0.tgz 0ms (cache hit)
658 http cache better-sqlite3@https://registry.npmjs.org/better-sqlite3/-/better-sqlite3-12.10.0.tgz 0ms (cache hit)
659 silly tarball no local data for safe-buffer@https://registry.npmjs.org/safe-buffer/-/safe-buffer-5.2.1.tgz. Extracting by manifest.
660 silly tarball no local data for media-typer@https://registry.npmjs.org/media-typer/-/media-typer-1.1.0.tgz. Extracting by manifest.
661 silly tarball no local data for util-deprecate@https://registry.npmjs.org/util-deprecate/-/util-deprecate-1.0.2.tgz. Extracting by manifest.
662 silly tarball no local data for string_decoder@https://registry.npmjs.org/string_decoder/-/string_decoder-1.3.0.tgz. Extracting by manifest.
663 silly tarball no local data for ieee754@https://registry.npmjs.org/ieee754/-/ieee754-1.2.1.tgz. Extracting by manifest.
664 silly tarball no local data for base64-js@https://registry.npmjs.org/base64-js/-/base64-js-1.5.1.tgz. Extracting by manifest.
665 silly tarball no local data for buffer@https://registry.npmjs.org/buffer/-/buffer-5.7.1.tgz. Extracting by manifest.
666 silly tarball no local data for readable-stream@https://registry.npmjs.org/readable-stream/-/readable-stream-3.6.2.tgz. Extracting by manifest.
667 silly tarball no local data for fs-constants@https://registry.npmjs.org/fs-constants/-/fs-constants-1.0.0.tgz. Extracting by manifest.
668 silly tarball no local data for bl@https://registry.npmjs.org/bl/-/bl-4.1.0.tgz. Extracting by manifest.
669 silly tarball no local data for chownr@https://registry.npmjs.org/chownr/-/chownr-1.1.4.tgz. Extracting by manifest.
670 silly tarball no local data for simple-concat@https://registry.npmjs.org/simple-concat/-/simple-concat-1.0.1.tgz. Extracting by manifest.
671 silly tarball no local data for mimic-response@https://registry.npmjs.org/mimic-response/-/mimic-response-3.1.0.tgz. Extracting by manifest.
672 http cache bindings@https://registry.npmjs.org/bindings/-/bindings-1.5.0.tgz 0ms (cache hit)
673 silly tarball no local data for decompress-response@https://registry.npmjs.org/decompress-response/-/decompress-response-6.0.0.tgz. Extracting by manifest.
674 silly tarball no local data for dunder-proto@https://registry.npmjs.org/dunder-proto/-/dunder-proto-1.0.1.tgz. Extracting by manifest.
675 silly tarball no local data for hasown@https://registry.npmjs.org/hasown/-/hasown-2.0.3.tgz. Extracting by manifest.
676 http cache file-uri-to-path@https://registry.npmjs.org/file-uri-to-path/-/file-uri-to-path-1.0.0.tgz 0ms (cache hit)
677 silly tarball no local data for has-symbols@https://registry.npmjs.org/has-symbols/-/has-symbols-1.1.0.tgz. Extracting by manifest.
678 silly tarball no local data for get-proto@https://registry.npmjs.org/get-proto/-/get-proto-1.0.1.tgz. Extracting by manifest.
679 silly tarball no local data for es-object-atoms@https://registry.npmjs.org/es-object-atoms/-/es-object-atoms-1.1.1.tgz. Extracting by manifest.
680 silly tarball no local data for es-define-property@https://registry.npmjs.org/es-define-property/-/es-define-property-1.0.1.tgz. Extracting by manifest.
681 silly tarball no local data for function-bind@https://registry.npmjs.org/function-bind/-/function-bind-1.1.2.tgz. Extracting by manifest.
682 silly tarball no local data for call-bind-apply-helpers@https://registry.npmjs.org/call-bind-apply-helpers/-/call-bind-apply-helpers-1.0.2.tgz. Extracting by manifest.
683 silly tarball no local data for tar-stream@https://registry.npmjs.org/tar-stream/-/tar-stream-2.2.0.tgz. Extracting by manifest.
684 silly tarball no local data for call-bound@https://registry.npmjs.org/call-bound/-/call-bound-1.0.4.tgz. Extracting by manifest.
685 silly tarball no local data for side-channel-weakmap@https://registry.npmjs.org/side-channel-weakmap/-/side-channel-weakmap-1.0.2.tgz. Extracting by manifest.
686 silly tarball no local data for side-channel-map@https://registry.npmjs.org/side-channel-map/-/side-channel-map-1.0.1.tgz. Extracting by manifest.
687 silly tarball no local data for object-inspect@https://registry.npmjs.org/object-inspect/-/object-inspect-1.13.4.tgz. Extracting by manifest.
688 silly tarball no local data for is-promise@https://registry.npmjs.org/is-promise/-/is-promise-4.0.0.tgz. Extracting by manifest.
689 silly tarball no local data for side-channel-list@https://registry.npmjs.org/side-channel-list/-/side-channel-list-1.0.1.tgz. Extracting by manifest.
690 silly tarball no local data for path-to-regexp@https://registry.npmjs.org/path-to-regexp/-/path-to-regexp-8.4.2.tgz. Extracting by manifest.
691 silly tarball no local data for ini@https://registry.npmjs.org/ini/-/ini-1.3.8.tgz. Extracting by manifest.
692 silly tarball no local data for deep-extend@https://registry.npmjs.org/deep-extend/-/deep-extend-0.6.0.tgz. Extracting by manifest.
693 silly tarball no local data for es-errors@https://registry.npmjs.org/es-errors/-/es-errors-1.3.0.tgz. Extracting by manifest.
694 silly tarball no local data for side-channel@https://registry.npmjs.org/side-channel/-/side-channel-1.1.0.tgz. Extracting by manifest.
695 silly tarball no local data for get-intrinsic@https://registry.npmjs.org/get-intrinsic/-/get-intrinsic-1.3.0.tgz. Extracting by manifest.
696 silly tarball no local data for unpipe@https://registry.npmjs.org/unpipe/-/unpipe-1.0.0.tgz. Extracting by manifest.
697 silly tarball no local data for ipaddr.js@https://registry.npmjs.org/ipaddr.js/-/ipaddr.js-1.9.1.tgz. Extracting by manifest.
698 silly tarball no local data for forwarded@https://registry.npmjs.org/forwarded/-/forwarded-0.2.0.tgz. Extracting by manifest.
699 silly tarball no local data for semver@https://registry.npmjs.org/semver/-/semver-7.8.0.tgz. Extracting by manifest.
700 silly tarball no local data for tunnel-agent@https://registry.npmjs.org/tunnel-agent/-/tunnel-agent-0.6.0.tgz. Extracting by manifest.
701 silly tarball no local data for tar-fs@https://registry.npmjs.org/tar-fs/-/tar-fs-2.1.4.tgz. Extracting by manifest.
702 silly tarball no local data for end-of-stream@https://registry.npmjs.org/end-of-stream/-/end-of-stream-1.4.5.tgz. Extracting by manifest.
703 silly tarball no local data for simple-get@https://registry.npmjs.org/simple-get/-/simple-get-4.0.1.tgz. Extracting by manifest.
704 silly tarball no local data for rc@https://registry.npmjs.org/rc/-/rc-1.2.8.tgz. Extracting by manifest.
705 silly tarball no local data for node-abi@https://registry.npmjs.org/node-abi/-/node-abi-3.92.0.tgz. Extracting by manifest.
706 silly tarball no local data for napi-build-utils@https://registry.npmjs.org/napi-build-utils/-/napi-build-utils-2.0.0.tgz. Extracting by manifest.
707 silly tarball no local data for strip-json-comments@https://registry.npmjs.org/strip-json-comments/-/strip-json-comments-2.0.1.tgz. Extracting by manifest.
708 silly tarball no local data for pump@https://registry.npmjs.org/pump/-/pump-3.0.4.tgz. Extracting by manifest.
709 silly tarball no local data for mkdirp-classic@https://registry.npmjs.org/mkdirp-classic/-/mkdirp-classic-0.5.3.tgz. Extracting by manifest.
710 silly tarball no local data for minimist@https://registry.npmjs.org/minimist/-/minimist-1.2.8.tgz. Extracting by manifest.
711 silly tarball no local data for detect-libc@https://registry.npmjs.org/detect-libc/-/detect-libc-2.1.2.tgz. Extracting by manifest.
712 silly tarball no local data for wrappy@https://registry.npmjs.org/wrappy/-/wrappy-1.0.2.tgz. Extracting by manifest.
713 silly tarball no local data for expand-template@https://registry.npmjs.org/expand-template/-/expand-template-2.0.3.tgz. Extracting by manifest.
714 silly tarball no local data for math-intrinsics@https://registry.npmjs.org/math-intrinsics/-/math-intrinsics-1.1.0.tgz. Extracting by manifest.
715 silly tarball no local data for ee-first@https://registry.npmjs.org/ee-first/-/ee-first-1.1.1.tgz. Extracting by manifest.
716 silly tarball no local data for github-from-package@https://registry.npmjs.org/github-from-package/-/github-from-package-0.0.0.tgz. Extracting by manifest.
717 silly tarball no local data for inherits@https://registry.npmjs.org/inherits/-/inherits-2.0.4.tgz. Extracting by manifest.
718 silly tarball no local data for toidentifier@https://registry.npmjs.org/toidentifier/-/toidentifier-1.0.1.tgz. Extracting by manifest.
719 silly tarball no local data for ms@https://registry.npmjs.org/ms/-/ms-2.1.3.tgz. Extracting by manifest.
720 silly tarball no local data for safer-buffer@https://registry.npmjs.org/safer-buffer/-/safer-buffer-2.1.2.tgz. Extracting by manifest.
721 silly tarball no local data for mime-db@https://registry.npmjs.org/mime-db/-/mime-db-1.54.0.tgz. Extracting by manifest.
722 silly tarball no local data for raw-body@https://registry.npmjs.org/raw-body/-/raw-body-3.0.2.tgz. Extracting by manifest.
723 silly tarball no local data for setprototypeof@https://registry.npmjs.org/setprototypeof/-/setprototypeof-1.2.0.tgz. Extracting by manifest.
724 silly tarball no local data for iconv-lite@https://registry.npmjs.org/iconv-lite/-/iconv-lite-0.7.2.tgz. Extracting by manifest.
725 silly tarball no local data for vary@https://registry.npmjs.org/vary/-/vary-1.1.2.tgz. Extracting by manifest.
726 silly tarball no local data for gopd@https://registry.npmjs.org/gopd/-/gopd-1.2.0.tgz. Extracting by manifest.
727 silly tarball no local data for type-is@https://registry.npmjs.org/type-is/-/type-is-2.1.0.tgz. Extracting by manifest.
728 silly tarball no local data for negotiator@https://registry.npmjs.org/negotiator/-/negotiator-1.0.0.tgz. Extracting by manifest.
729 silly tarball no local data for bytes@https://registry.npmjs.org/bytes/-/bytes-3.1.2.tgz. Extracting by manifest.
730 silly tarball no local data for statuses@https://registry.npmjs.org/statuses/-/statuses-2.0.2.tgz. Extracting by manifest.
731 silly tarball no local data for send@https://registry.npmjs.org/send/-/send-1.2.1.tgz. Extracting by manifest.
732 silly tarball no local data for once@https://registry.npmjs.org/once/-/once-1.4.0.tgz. Extracting by manifest.
733 silly tarball no local data for serve-static@https://registry.npmjs.org/serve-static/-/serve-static-2.2.1.tgz. Extracting by manifest.
734 silly tarball no local data for parseurl@https://registry.npmjs.org/parseurl/-/parseurl-1.3.3.tgz. Extracting by manifest.
735 silly tarball no local data for range-parser@https://registry.npmjs.org/range-parser/-/range-parser-1.2.1.tgz. Extracting by manifest.
736 silly tarball no local data for on-finished@https://registry.npmjs.org/on-finished/-/on-finished-2.4.1.tgz. Extracting by manifest.
737 silly tarball no local data for qs@https://registry.npmjs.org/qs/-/qs-6.15.1.tgz. Extracting by manifest.
738 silly tarball no local data for proxy-addr@https://registry.npmjs.org/proxy-addr/-/proxy-addr-2.0.7.tgz. Extracting by manifest.
739 silly tarball no local data for mime-types@https://registry.npmjs.org/mime-types/-/mime-types-3.0.2.tgz. Extracting by manifest.
740 silly tarball no local data for fresh@https://registry.npmjs.org/fresh/-/fresh-2.0.0.tgz. Extracting by manifest.
741 silly tarball no local data for http-errors@https://registry.npmjs.org/http-errors/-/http-errors-2.0.1.tgz. Extracting by manifest.
742 silly tarball no local data for encodeurl@https://registry.npmjs.org/encodeurl/-/encodeurl-2.0.0.tgz. Extracting by manifest.
743 silly tarball no local data for router@https://registry.npmjs.org/router/-/router-2.2.0.tgz. Extracting by manifest.
744 silly tarball no local data for escape-html@https://registry.npmjs.org/escape-html/-/escape-html-1.0.3.tgz. Extracting by manifest.
745 silly tarball no local data for merge-descriptors@https://registry.npmjs.org/merge-descriptors/-/merge-descriptors-2.0.0.tgz. Extracting by manifest.
746 silly tarball no local data for debug@https://registry.npmjs.org/debug/-/debug-4.4.3.tgz. Extracting by manifest.
747 silly tarball no local data for depd@https://registry.npmjs.org/depd/-/depd-2.0.0.tgz. Extracting by manifest.
748 silly tarball no local data for finalhandler@https://registry.npmjs.org/finalhandler/-/finalhandler-2.1.1.tgz. Extracting by manifest.
749 silly tarball no local data for content-type@https://registry.npmjs.org/content-type/-/content-type-1.0.5.tgz. Extracting by manifest.
750 silly tarball no local data for cookie-signature@https://registry.npmjs.org/cookie-signature/-/cookie-signature-1.2.2.tgz. Extracting by manifest.
751 silly tarball no local data for cookie@https://registry.npmjs.org/cookie/-/cookie-0.7.2.tgz. Extracting by manifest.
752 silly tarball no local data for body-parser@https://registry.npmjs.org/body-parser/-/body-parser-2.2.2.tgz. Extracting by manifest.
753 silly tarball no local data for content-disposition@https://registry.npmjs.org/content-disposition/-/content-disposition-1.1.0.tgz. Extracting by manifest.
754 silly tarball no local data for prebuild-install@https://registry.npmjs.org/prebuild-install/-/prebuild-install-7.1.3.tgz. Extracting by manifest.
755 silly tarball no local data for express@https://registry.npmjs.org/express/-/express-5.2.1.tgz. Extracting by manifest.
756 silly tarball no local data for accepts@https://registry.npmjs.org/accepts/-/accepts-2.0.0.tgz. Extracting by manifest.
757 silly tarball no local data for etag@https://registry.npmjs.org/etag/-/etag-1.8.1.tgz. Extracting by manifest.
758 silly tarball no local data for content-type@https://registry.npmjs.org/content-type/-/content-type-2.0.0.tgz. Extracting by manifest.
759 silly tarball no local data for better-sqlite3@https://registry.npmjs.org/better-sqlite3/-/better-sqlite3-12.10.0.tgz. Extracting by manifest.
760 silly tarball no local data for bindings@https://registry.npmjs.org/bindings/-/bindings-1.5.0.tgz. Extracting by manifest.
761 silly tarball no local data for file-uri-to-path@https://registry.npmjs.org/file-uri-to-path/-/file-uri-to-path-1.0.0.tgz. Extracting by manifest.
762 http fetch GET 200 https://registry.npmjs.org/util-deprecate/-/util-deprecate-1.0.2.tgz 64ms (cache miss)
763 http fetch GET 200 https://registry.npmjs.org/string_decoder/-/string_decoder-1.3.0.tgz 65ms (cache miss)
764 http fetch GET 200 https://registry.npmjs.org/safe-buffer/-/safe-buffer-5.2.1.tgz 66ms (cache miss)
765 http fetch GET 200 https://registry.npmjs.org/base64-js/-/base64-js-1.5.1.tgz 64ms (cache miss)
766 http fetch GET 200 https://registry.npmjs.org/media-typer/-/media-typer-1.1.0.tgz 65ms (cache miss)
767 http fetch GET 200 https://registry.npmjs.org/ieee754/-/ieee754-1.2.1.tgz 65ms (cache miss)
768 http fetch GET 200 https://registry.npmjs.org/has-symbols/-/has-symbols-1.1.0.tgz 72ms (cache miss)
769 http fetch GET 200 https://registry.npmjs.org/hasown/-/hasown-2.0.3.tgz 73ms (cache miss)
770 http fetch GET 200 https://registry.npmjs.org/chownr/-/chownr-1.1.4.tgz 74ms (cache miss)
771 http fetch GET 200 https://registry.npmjs.org/get-proto/-/get-proto-1.0.1.tgz 74ms (cache miss)
772 http fetch GET 200 https://registry.npmjs.org/es-define-property/-/es-define-property-1.0.1.tgz 78ms (cache miss)
773 http fetch GET 200 https://registry.npmjs.org/es-object-atoms/-/es-object-atoms-1.1.1.tgz 80ms (cache miss)
774 http fetch GET 200 https://registry.npmjs.org/dunder-proto/-/dunder-proto-1.0.1.tgz 85ms (cache miss)
775 http fetch GET 200 https://registry.npmjs.org/call-bind-apply-helpers/-/call-bind-apply-helpers-1.0.2.tgz 111ms (cache miss)
776 http fetch GET 200 https://registry.npmjs.org/fs-constants/-/fs-constants-1.0.0.tgz 118ms (cache miss)
777 http fetch GET 200 https://registry.npmjs.org/tar-stream/-/tar-stream-2.2.0.tgz 116ms (cache miss)
778 http fetch GET 200 https://registry.npmjs.org/function-bind/-/function-bind-1.1.2.tgz 117ms (cache miss)
779 http fetch GET 200 https://registry.npmjs.org/simple-concat/-/simple-concat-1.0.1.tgz 118ms (cache miss)
780 http fetch GET 200 https://registry.npmjs.org/call-bound/-/call-bound-1.0.4.tgz 118ms (cache miss)
781 http fetch GET 200 https://registry.npmjs.org/decompress-response/-/decompress-response-6.0.0.tgz 124ms (cache miss)
782 http fetch GET 200 https://registry.npmjs.org/side-channel-weakmap/-/side-channel-weakmap-1.0.2.tgz 126ms (cache miss)
783 http fetch GET 200 https://registry.npmjs.org/mimic-response/-/mimic-response-3.1.0.tgz 131ms (cache miss)
784 http fetch GET 200 https://registry.npmjs.org/side-channel-map/-/side-channel-map-1.0.1.tgz 137ms (cache miss)
785 http fetch POST 200 https://registry.npmjs.org/-/npm/v1/security/advisories/bulk 163ms
786 silly audit report {}
787 http fetch GET 200 https://registry.npmjs.org/side-channel-list/-/side-channel-list-1.0.1.tgz 152ms (cache miss)
788 http fetch GET 200 https://registry.npmjs.org/is-promise/-/is-promise-4.0.0.tgz 157ms (cache miss)
789 http fetch GET 200 https://registry.npmjs.org/ini/-/ini-1.3.8.tgz 160ms (cache miss)
790 http fetch GET 200 https://registry.npmjs.org/buffer/-/buffer-5.7.1.tgz 164ms (cache miss)
791 http fetch GET 200 https://registry.npmjs.org/unpipe/-/unpipe-1.0.0.tgz 162ms (cache miss)
792 http fetch GET 200 https://registry.npmjs.org/deep-extend/-/deep-extend-0.6.0.tgz 164ms (cache miss)
793 http fetch GET 200 https://registry.npmjs.org/ipaddr.js/-/ipaddr.js-1.9.1.tgz 164ms (cache miss)
794 http fetch GET 200 https://registry.npmjs.org/get-intrinsic/-/get-intrinsic-1.3.0.tgz 168ms (cache miss)
795 http fetch GET 200 https://registry.npmjs.org/forwarded/-/forwarded-0.2.0.tgz 189ms (cache miss)
796 http fetch GET 200 https://registry.npmjs.org/es-errors/-/es-errors-1.3.0.tgz 196ms (cache miss)
797 http fetch GET 200 https://registry.npmjs.org/bl/-/bl-4.1.0.tgz 199ms (cache miss)
798 http fetch GET 200 https://registry.npmjs.org/tunnel-agent/-/tunnel-agent-0.6.0.tgz 196ms (cache miss)
799 http fetch GET 200 https://registry.npmjs.org/side-channel/-/side-channel-1.1.0.tgz 214ms (cache miss)
800 http fetch GET 200 https://registry.npmjs.org/simple-get/-/simple-get-4.0.1.tgz 213ms (cache miss)
801 http fetch GET 200 https://registry.npmjs.org/path-to-regexp/-/path-to-regexp-8.4.2.tgz 219ms (cache miss)
802 http fetch GET 200 https://registry.npmjs.org/end-of-stream/-/end-of-stream-1.4.5.tgz 225ms (cache miss)
803 http fetch GET 200 https://registry.npmjs.org/pump/-/pump-3.0.4.tgz 224ms (cache miss)
804 http fetch GET 200 https://registry.npmjs.org/wrappy/-/wrappy-1.0.2.tgz 224ms (cache miss)
805 http fetch GET 200 https://registry.npmjs.org/mkdirp-classic/-/mkdirp-classic-0.5.3.tgz 225ms (cache miss)
806 http fetch GET 200 https://registry.npmjs.org/strip-json-comments/-/strip-json-comments-2.0.1.tgz 226ms (cache miss)
807 http fetch GET 200 https://registry.npmjs.org/detect-libc/-/detect-libc-2.1.2.tgz 227ms (cache miss)
808 http fetch GET 200 https://registry.npmjs.org/math-intrinsics/-/math-intrinsics-1.1.0.tgz 229ms (cache miss)
809 http fetch GET 200 https://registry.npmjs.org/napi-build-utils/-/napi-build-utils-2.0.0.tgz 232ms (cache miss)
810 http fetch GET 200 https://registry.npmjs.org/node-abi/-/node-abi-3.92.0.tgz 232ms (cache miss)
811 http fetch GET 200 https://registry.npmjs.org/setprototypeof/-/setprototypeof-1.2.0.tgz 231ms (cache miss)
812 http fetch GET 200 https://registry.npmjs.org/expand-template/-/expand-template-2.0.3.tgz 233ms (cache miss)
813 http fetch GET 200 https://registry.npmjs.org/rc/-/rc-1.2.8.tgz 233ms (cache miss)
814 http fetch GET 200 https://registry.npmjs.org/ee-first/-/ee-first-1.1.1.tgz 232ms (cache miss)
815 http fetch GET 200 https://registry.npmjs.org/toidentifier/-/toidentifier-1.0.1.tgz 232ms (cache miss)
816 http fetch GET 200 https://registry.npmjs.org/inherits/-/inherits-2.0.4.tgz 233ms (cache miss)
817 http fetch GET 200 https://registry.npmjs.org/readable-stream/-/readable-stream-3.6.2.tgz 240ms (cache miss)
818 http fetch GET 200 https://registry.npmjs.org/ms/-/ms-2.1.3.tgz 235ms (cache miss)
819 http fetch GET 200 https://registry.npmjs.org/mime-db/-/mime-db-1.54.0.tgz 236ms (cache miss)
820 http fetch GET 200 https://registry.npmjs.org/vary/-/vary-1.1.2.tgz 235ms (cache miss)
821 http fetch GET 200 https://registry.npmjs.org/raw-body/-/raw-body-3.0.2.tgz 237ms (cache miss)
822 http fetch GET 200 https://registry.npmjs.org/gopd/-/gopd-1.2.0.tgz 239ms (cache miss)
823 http fetch GET 200 https://registry.npmjs.org/github-from-package/-/github-from-package-0.0.0.tgz 240ms (cache miss)
824 http fetch GET 200 https://registry.npmjs.org/negotiator/-/negotiator-1.0.0.tgz 241ms (cache miss)
825 http fetch GET 200 https://registry.npmjs.org/type-is/-/type-is-2.1.0.tgz 247ms (cache miss)
826 http fetch GET 200 https://registry.npmjs.org/once/-/once-1.4.0.tgz 249ms (cache miss)
827 http fetch GET 200 https://registry.npmjs.org/safer-buffer/-/safer-buffer-2.1.2.tgz 251ms (cache miss)
828 http fetch GET 200 https://registry.npmjs.org/parseurl/-/parseurl-1.3.3.tgz 257ms (cache miss)
829 http fetch GET 200 https://registry.npmjs.org/range-parser/-/range-parser-1.2.1.tgz 258ms (cache miss)
830 http fetch GET 200 https://registry.npmjs.org/on-finished/-/on-finished-2.4.1.tgz 260ms (cache miss)
831 http fetch GET 200 https://registry.npmjs.org/proxy-addr/-/proxy-addr-2.0.7.tgz 262ms (cache miss)
832 http fetch GET 200 https://registry.npmjs.org/mime-types/-/mime-types-3.0.2.tgz 265ms (cache miss)
833 http fetch GET 200 https://registry.npmjs.org/bytes/-/bytes-3.1.2.tgz 267ms (cache miss)
834 http fetch GET 200 https://registry.npmjs.org/fresh/-/fresh-2.0.0.tgz 266ms (cache miss)
835 http fetch GET 200 https://registry.npmjs.org/serve-static/-/serve-static-2.2.1.tgz 270ms (cache miss)
836 http fetch GET 200 https://registry.npmjs.org/tar-fs/-/tar-fs-2.1.4.tgz 276ms (cache miss)
837 http fetch GET 200 https://registry.npmjs.org/escape-html/-/escape-html-1.0.3.tgz 276ms (cache miss)
838 http fetch GET 200 https://registry.npmjs.org/statuses/-/statuses-2.0.2.tgz 277ms (cache miss)
839 http fetch GET 200 https://registry.npmjs.org/encodeurl/-/encodeurl-2.0.0.tgz 277ms (cache miss)
840 http fetch GET 200 https://registry.npmjs.org/router/-/router-2.2.0.tgz 279ms (cache miss)
841 http fetch GET 200 https://registry.npmjs.org/minimist/-/minimist-1.2.8.tgz 283ms (cache miss)
842 http fetch GET 200 https://registry.npmjs.org/http-errors/-/http-errors-2.0.1.tgz 280ms (cache miss)
843 http fetch GET 200 https://registry.npmjs.org/merge-descriptors/-/merge-descriptors-2.0.0.tgz 279ms (cache miss)
844 http fetch GET 200 https://registry.npmjs.org/send/-/send-1.2.1.tgz 281ms (cache miss)
845 http fetch GET 200 https://registry.npmjs.org/finalhandler/-/finalhandler-2.1.1.tgz 280ms (cache miss)
846 http fetch GET 200 https://registry.npmjs.org/object-inspect/-/object-inspect-1.13.4.tgz 288ms (cache miss)
847 http fetch GET 200 https://registry.npmjs.org/depd/-/depd-2.0.0.tgz 282ms (cache miss)
848 http fetch GET 200 https://registry.npmjs.org/content-type/-/content-type-1.0.5.tgz 282ms (cache miss)
849 http fetch GET 200 https://registry.npmjs.org/debug/-/debug-4.4.3.tgz 285ms (cache miss)
850 http fetch GET 200 https://registry.npmjs.org/cookie/-/cookie-0.7.2.tgz 285ms (cache miss)
851 http fetch GET 200 https://registry.npmjs.org/cookie-signature/-/cookie-signature-1.2.2.tgz 286ms (cache miss)
852 http fetch GET 200 https://registry.npmjs.org/body-parser/-/body-parser-2.2.2.tgz 286ms (cache miss)
853 http fetch GET 200 https://registry.npmjs.org/content-disposition/-/content-disposition-1.1.0.tgz 286ms (cache miss)
854 http fetch GET 200 https://registry.npmjs.org/qs/-/qs-6.15.1.tgz 291ms (cache miss)
855 http fetch GET 200 https://registry.npmjs.org/iconv-lite/-/iconv-lite-0.7.2.tgz 294ms (cache miss)
856 http fetch GET 200 https://registry.npmjs.org/semver/-/semver-7.8.0.tgz 296ms (cache miss)
857 http fetch GET 200 https://registry.npmjs.org/accepts/-/accepts-2.0.0.tgz 292ms (cache miss)
858 http fetch GET 200 https://registry.npmjs.org/etag/-/etag-1.8.1.tgz 298ms (cache miss)
859 http fetch GET 200 https://registry.npmjs.org/bindings/-/bindings-1.5.0.tgz 293ms (cache miss)
860 http fetch GET 200 https://registry.npmjs.org/content-type/-/content-type-2.0.0.tgz 299ms (cache miss)
861 http fetch GET 200 https://registry.npmjs.org/file-uri-to-path/-/file-uri-to-path-1.0.0.tgz 293ms (cache miss)
862 http fetch GET 200 https://registry.npmjs.org/express/-/express-5.2.1.tgz 310ms (cache miss)
863 http fetch GET 200 https://registry.npmjs.org/prebuild-install/-/prebuild-install-7.1.3.tgz 315ms (cache miss)
864 warn deprecated prebuild-install@7.1.3: No longer maintained. Please contact the author of the relevant native addon; alternatives are available.
865 http fetch GET 200 https://registry.npmjs.org/better-sqlite3/-/better-sqlite3-12.10.0.tgz 493ms (cache miss)
866 info run better-sqlite3@12.10.0 install node_modules/better-sqlite3 prebuild-install || node-gyp rebuild --release
867 info run better-sqlite3@12.10.0 install { code: 0, signal: null }
868 silly ADD node_modules/media-typer
869 silly ADD node_modules/safe-buffer
870 silly ADD node_modules/util-deprecate
871 silly ADD node_modules/string_decoder
872 silly ADD node_modules/ieee754
873 silly ADD node_modules/base64-js
874 silly ADD node_modules/buffer
875 silly ADD node_modules/readable-stream
876 silly ADD node_modules/fs-constants
877 silly ADD node_modules/bl
878 silly ADD node_modules/tar-stream
879 silly ADD node_modules/chownr
880 silly ADD node_modules/mimic-response
881 silly ADD node_modules/simple-concat
882 silly ADD node_modules/decompress-response
883 silly ADD node_modules/dunder-proto
884 silly ADD node_modules/math-intrinsics
885 silly ADD node_modules/hasown
886 silly ADD node_modules/has-symbols
887 silly ADD node_modules/gopd
888 silly ADD node_modules/get-proto
889 silly ADD node_modules/es-object-atoms
890 silly ADD node_modules/es-define-property
891 silly ADD node_modules/function-bind
892 silly ADD node_modules/call-bind-apply-helpers
893 silly ADD node_modules/get-intrinsic
894 silly ADD node_modules/call-bound
895 silly ADD node_modules/side-channel-weakmap
896 silly ADD node_modules/side-channel-map
897 silly ADD node_modules/side-channel-list
898 silly ADD node_modules/object-inspect
899 silly ADD node_modules/es-errors
900 silly ADD node_modules/path-to-regexp
901 silly ADD node_modules/is-promise
902 silly ADD node_modules/strip-json-comments
903 silly ADD node_modules/ini
904 silly ADD node_modules/deep-extend
905 silly ADD node_modules/unpipe
906 silly ADD node_modules/side-channel
907 silly ADD node_modules/end-of-stream
908 silly ADD node_modules/ipaddr.js
909 silly ADD node_modules/forwarded
910 silly ADD node_modules/semver
911 silly ADD node_modules/tunnel-agent
912 silly ADD node_modules/tar-fs
913 silly ADD node_modules/simple-get
914 silly ADD node_modules/rc
915 silly ADD node_modules/pump
916 silly ADD node_modules/node-abi
917 silly ADD node_modules/napi-build-utils
918 silly ADD node_modules/mkdirp-classic
919 silly ADD node_modules/minimist
920 silly ADD node_modules/github-from-package
921 silly ADD node_modules/expand-template
922 silly ADD node_modules/detect-libc
923 silly ADD node_modules/wrappy
924 silly ADD node_modules/ee-first
925 silly ADD node_modules/mime-db
926 silly ADD node_modules/safer-buffer
927 silly ADD node_modules/toidentifier
928 silly ADD node_modules/setprototypeof
929 silly ADD node_modules/inherits
930 silly ADD node_modules/ms
931 silly ADD node_modules/raw-body
932 silly ADD node_modules/iconv-lite
933 silly ADD node_modules/bytes
934 silly ADD node_modules/negotiator
935 silly ADD node_modules/vary
936 silly ADD node_modules/type-is
937 silly ADD node_modules/type-is/node_modules/content-type
938 silly ADD node_modules/statuses
939 silly ADD node_modules/serve-static
940 silly ADD node_modules/send
941 silly ADD node_modules/router
942 silly ADD node_modules/range-parser
943 silly ADD node_modules/qs
944 silly ADD node_modules/proxy-addr
945 silly ADD node_modules/parseurl
946 silly ADD node_modules/once
947 silly ADD node_modules/on-finished
948 silly ADD node_modules/mime-types
949 silly ADD node_modules/merge-descriptors
950 silly ADD node_modules/http-errors
951 silly ADD node_modules/fresh
952 silly ADD node_modules/finalhandler
953 silly ADD node_modules/etag
954 silly ADD node_modules/escape-html
955 silly ADD node_modules/encodeurl
956 silly ADD node_modules/depd
957 silly ADD node_modules/debug
958 silly ADD node_modules/cookie-signature
959 silly ADD node_modules/cookie
960 silly ADD node_modules/content-type
961 silly ADD node_modules/content-disposition
962 silly ADD node_modules/body-parser
963 silly ADD node_modules/accepts
964 silly ADD node_modules/file-uri-to-path
965 silly ADD node_modules/prebuild-install
966 silly ADD node_modules/bindings
967 silly ADD node_modules/express
968 silly ADD node_modules/better-sqlite3
969 verbose cwd /Users/watanabekouta/Desktop/ app-dev-day5/3.0
970 verbose os Darwin 23.6.0
971 verbose node v22.22.3
972 verbose npm  v10.9.8
973 notice
973 notice New [31mmajor[39m version of npm available! [31m10.9.8[39m -> [34m11.14.1[39m
973 notice Changelog: [34mhttps://github.com/npm/cli/releases/tag/v11.14.1[39m
973 notice To update run: [4mnpm install -g npm@11.14.1[24m
973 notice  { force: true, [Symbol(proc-log.meta)]: true }
974 verbose exit 0
975 info ok
